// Jest Snapshot v1, https://goo.gl/fbAQLP

exports[`should render ExpenseListItem details 1`] = `
<div>
  <Link
    replace={false}
    to="edit/1"
  >
    <h3>
      Gum
    </h3>
  </Link>
  <p>
    Amount: 
    $1.95
    - CreatedAt: 
    December 31st, 1969
  </p>
</div>
`;
