// Jest Snapshot v1, https://goo.gl/fbAQLP

exports[`should render Header correctly 1`] = `
<div>
  <h1>
    Expensify
  </h1>
  <li>
    <NavLink
      activeClassName="is-active"
      ariaCurrent="true"
      to="/dashboard"
    >
      Dashboard
    </NavLink>
  </li>
  <li>
    <NavLink
      activeClassName="is-active"
      ariaCurrent="true"
      to="/create"
    >
      Add Expense
    </NavLink>
  </li>
  <button
    onClick={[Function]}
  >
    Logout
  </button>
</div>
`;
